// Jest Snapshot v1, https://goo.gl/fbAQLP

exports[`persistCache advanced usage passing in debounce configures the debounce interval 1`] = `"{\\"ROOT_QUERY\\":{\\"hello\\":\\"world\\"}}"`;

exports[`persistCache advanced usage passing in key customizes the storage key 1`] = `"{\\"ROOT_QUERY\\":{\\"hello\\":\\"world\\"}}"`;

exports[`persistCache setup requires a cache 1`] = `
"
      In order to persist your Apollo Cache, you need to pass in a cache.
      Please see https://www.apollographql.com/docs/react/basics/caching.html for our default InMemoryCache.
    "
`;

exports[`persistCache setup requires storage 1`] = `
"
      In order to persist your Apollo Cache, you need to pass in an underlying storage provider.
      Please see https://github.com/apollographql/apollo-cache-persist#storage-providers
    "
`;
